// Jest Snapshot v1, https://goo.gl/fbAQLP

exports[`should match Snapshot 1`] = `
<WithStyles(ForwardRef(FormControl))>
  <WithStyles(ForwardRef(FormLabel))
    component="legend"
  >
    label
  </WithStyles(ForwardRef(FormLabel))>
  <ForwardRef(RadioGroup)
    name="radioInput"
  >
    <WithStyles(ForwardRef(FormControlLabel))
      control={<ForwardRef(WithStyles) />}
      key="1"
      label="1"
      value="1"
    />
    <WithStyles(ForwardRef(FormControlLabel))
      control={<ForwardRef(WithStyles) />}
      key="2"
      label="2"
      value="2"
    />
    <WithStyles(ForwardRef(FormControlLabel))
      control={<ForwardRef(WithStyles) />}
      key="3"
      label="3"
      value="3"
    />
  </ForwardRef(RadioGroup)>
  <WithStyles(ForwardRef(FormHelperText)) />
</WithStyles(ForwardRef(FormControl))>
`;
